// Jest Snapshot v1, https://goo.gl/fbAQLP

exports[`Test suite for the Quote component Should render a snapshot of the Quote component 1`] = `
<div
  class="quote_wrapper"
  data-testid="quote"
>
  <h1>
    Math Magicians
  </h1>
  <h2>
    Mathematics is not about numbers, equations, computations , or algorithms: is about understanding. -- William Paul Thurson
  </h2>
</div>
`;
